[BUG]: out of license

## Command Line
/usr/local/bin/pyarmor gen -O /tmp/dist_obf --recursive main.py settings.py version.py auth.py updater.py pdf_reader.py pharmacy_directory.py missing_items.py engine ui

## Environments
Python 3.12.3
Pyarmor 9.2.7 (trial), 000000, non-profits
Platform linux.x86_64
Native linux.x86_64
Home /root/.pyarmor

## Traceback
Traceback (most recent call last):
  File "/usr/local/lib/python3.12/dist-packages/pyarmor/cli/__main__.py", line 804, in main
    main_entry(sys.argv[1:])
  File "/usr/local/lib/python3.12/dist-packages/pyarmor/cli/__main__.py", line 789, in main_entry
    return args.func(ctx, args)
           ^^^^^^^^^^^^^^^^^^^^
  File "/usr/local/lib/python3.12/dist-packages/pyarmor/cli/__main__.py", line 248, in cmd_gen
    builder.process(options)
  File "/usr/local/lib/python3.12/dist-packages/pyarmor/cli/generate.py", line 190, in process
    async_obfuscate_scripts(self, n) if n else self._obfuscate_scripts()
                                               ^^^^^^^^^^^^^^^^^^^^^^^^^
  File "/usr/local/lib/python3.12/dist-packages/pyarmor/cli/generate.py", line 145, in _obfuscate_scripts
    code = Pytransform3.generate_obfuscated_script(self.ctx, r)
           ^^^^^^^^^^^^^^^^^^^^^^^^^^^^^^^^^^^^^^^^^^^^^^^^^^^^
  File "/usr/local/lib/python3.12/dist-packages/pyarmor/cli/core/__init__.py", line 95, in generate_obfuscated_script
    return m.generate_obfuscated_script(ctx, res)
           ^^^^^^^^^^^^^^^^^^^^^^^^^^^^^^^^^^^^^^
  File "<maker>", line 728, in generate_obfuscated_script
  File "/usr/local/lib/python3.12/dist-packages/pyarmor/cli/__init__.py", line 16, in process
    return meth(self, res, *args, **kwargs)
           ^^^^^^^^^^^^^^^^^^^^^^^^^^^^^^^^
  File "<maker>", line 553, in process
  File "<maker>", line 559, in coserialize
  File "<maker>", line 609, in _build_ast_body
RuntimeError: out of license


